seg-1-b
seg-1
seg-2-b
seg-2
seg-3-b
seg-3
seg-4-b
seg-4
seg-5-b
seg-5
seg-6-b
seg-6
seg-7-b
seg-7
seg-8-b
seg-8
seg-9-b
seg-9
seg-10-b
seg-10
seg-11-b
seg-11
seg-12-b
seg-12
seg-13-b
seg-13
seg-14-b
seg-14
seg-15-b
seg-15
seg-16-b
seg-16
seg-17-b
seg-17
seg-18-b
seg-18
seg-19-b
seg-19
seg-20-b
seg-20
seg-21-b
seg-21
seg-22-b
seg-22
seg-23-b
seg-23
seg-24-b
seg-24
seg-25-b
seg-25
seg-26-b
seg-26
seg-27-b
seg-27
seg-28-b
seg-28
seg-29-b
seg-29
seg-30-b
seg-30
seg-31-b
seg-31
seg-32-b
seg-32
seg-33-b
seg-33
seg-34-b
seg-34
seg-35-b
seg-35
seg-40-b
seg-40
seg-41-b
seg-41
seg-42-b
seg-42
seg-43-b
seg-43
seg-44-b
seg-44
seg-45-b
seg-45
seg-46-b
seg-46
seg-47-b
seg-47
seg-48-b
seg-48
seg-49-b
seg-49
seg-50-b
seg-50
seg-51-b
seg-51
seg-52-b
seg-52
seg-53-b
seg-53
seg-60-b
seg-60
seg-61-b
seg-61
seg-62-b
seg-62
seg-63-b
seg-63
seg-64-b
seg-64
seg-65-b
seg-65
seg-66-b
seg-66
seg-67-b
seg-67
seg-68-b
seg-68
seg-69-b
seg-69
seg-70-b
seg-70
seg-71-b
seg-71
seg-72-b
seg-72
seg-73-b
seg-73
seg-74-b
seg-74
seg-75-b
seg-75
seg-76-b
seg-76
seg-77-b
seg-77
seg-78-b
seg-78
seg-79-b
seg-79
seg-80-b
seg-80
seg-81-b
seg-81
seg-82-b
seg-82
seg-83-b
seg-83
seg-84-b
seg-84
seg-85-b
seg-85
seg-86-b
seg-86
seg-87-b
seg-87
seg-88-b
seg-88
seg-89-b
seg-89
seg-90-b
seg-90
seg-91-b
seg-91
seg-92-b
seg-92
seg-93-b
seg-93
